[2026-05-27 21:47:46,889: INFO: main: Welcome to our custom logging]
[2026-05-27 21:59:29,424: INFO: main: Welcome to our custom logging]
[2026-05-28 09:53:44,649: INFO: main: Welcome to our custom logging]
[2026-06-04 20:19:33,328: INFO: common: yaml file : config\config.yaml loaded successfully ]
[2026-06-04 20:19:33,347: INFO: common: yaml file : PARAMS.yaml loaded successfully ]
[2026-06-04 20:19:33,360: INFO: common: created  directory at : artifacts]
[2026-06-04 20:19:33,366: INFO: common: created  directory at : artifacts/data_ingestion]
[2026-06-04 20:19:33,370: INFO: 1923768424: Download data from https://drive.google.com/file/d/1agfufEgib6t57IspkINsK3JUITOTUCzs/view?usp=drive_link into file artifacts/data_ingestion/data.zip]
[2026-06-04 20:23:30,288: INFO: 1923768424: Download data from https://drive.google.com/file/d/1agfufEgib6t57IspkINsK3JUITOTUCzs/view?usp=drive_link into file artifacts/data_ingestion/data.zip]
[2026-06-04 20:24:27,187: INFO: common: yaml file : config\config.yaml loaded successfully ]
[2026-06-04 20:24:27,211: INFO: common: yaml file : PARAMS.yaml loaded successfully ]
[2026-06-04 20:24:27,219: INFO: common: created  directory at : artifacts]
[2026-06-04 20:24:27,230: INFO: common: created  directory at : artifacts/data_ingestion]
[2026-06-04 20:24:27,240: INFO: 1923768424: Download data from https://drive.google.com/file/d/1agfufEgib6t57IspkINsK3JUITOTUCzs/view?usp=drive_link into file artifacts/data_ingestion/data.zip]
[2026-06-04 20:59:34,650: INFO: main: >>>>> stage Data Ingestion stage started <<<<<<

x========x]
[2026-06-04 20:59:34,651: INFO: common: yaml file : config\config.yaml loaded successfully ]
[2026-06-04 20:59:34,655: INFO: common: yaml file : PARAMS.yaml loaded successfully ]
[2026-06-04 20:59:34,656: INFO: common: created  directory at : artifacts]
[2026-06-04 20:59:34,657: INFO: common: created  directory at : artifacts/data_ingestion]
[2026-06-04 20:59:34,657: ERROR: main: name 'DataIngestion' is not defined]
Traceback (most recent call last):
  File "main.py", line 8, in <module>
    obj.main()
  File "c:\users\user\iscale\kidney--disease--classification\src\Kidney\pipeline\stage01_data_ingestion.py", line 12, in main
    data_ingestion=DataIngestion(config=data_ingestion_config)
NameError: name 'DataIngestion' is not defined
[2026-06-04 21:03:12,498: INFO: main: >>>>> stage Data Ingestion stage started <<<<<<

x========x]
[2026-06-04 21:03:12,500: INFO: common: yaml file : config\config.yaml loaded successfully ]
[2026-06-04 21:03:12,503: INFO: common: yaml file : PARAMS.yaml loaded successfully ]
[2026-06-04 21:03:12,504: INFO: common: created  directory at : artifacts]
[2026-06-04 21:03:12,505: INFO: common: created  directory at : artifacts/data_ingestion]
[2026-06-04 21:03:12,505: INFO: data_ingestion: Download data from https://drive.google.com/file/d/1agfufEgib6t57IspkINsK3JUITOTUCzs/view?usp=drive_link into file artifacts/data_ingestion/data.zip]
[2026-06-04 21:07:45,799: INFO: data_ingestion: Download data from https://drive.google.com/file/d/1agfufEgib6t57IspkINsK3JUITOTUCzs/view?usp=drive_link into file artifacts/data_ingestion/data.zip]
[2026-06-05 09:44:53,887: INFO: main: >>>>> stage Data Ingestion stage started <<<<<<

x========x]
[2026-06-05 09:44:53,903: INFO: common: yaml file : config\config.yaml loaded successfully ]
[2026-06-05 09:44:53,903: INFO: common: yaml file : PARAMS.yaml loaded successfully ]
[2026-06-05 09:44:53,903: INFO: common: created  directory at : artifacts]
[2026-06-05 09:44:53,903: INFO: common: created  directory at : artifacts/data_ingestion]
[2026-06-05 09:44:53,903: INFO: data_ingestion: Download data from https://drive.google.com/file/d/1agfufEgib6t57IspkINsK3JUITOTUCzs/view?usp=drive_link into file artifacts/data_ingestion/data.zip]
[2026-06-05 09:47:28,570: INFO: data_ingestion: Download data from https://drive.google.com/file/d/1agfufEgib6t57IspkINsK3JUITOTUCzs/view?usp=drive_link into file artifacts/data_ingestion/data.zip]
[2026-06-05 09:47:59,071: INFO: main: ***************]
[2026-06-05 09:47:59,071: INFO: main: >>>> stage Prepare Base Model started <<<<]
[2026-06-05 09:47:59,075: INFO: common: yaml file : config\config.yaml loaded successfully ]
[2026-06-05 09:47:59,075: INFO: common: yaml file : PARAMS.yaml loaded successfully ]
[2026-06-05 09:47:59,075: INFO: common: created  directory at : artifacts]
[2026-06-05 09:47:59,075: ERROR: main: 'ConfigurationManager' object has no attribute 'get_prepared_base_model_config']
Traceback (most recent call last):
  File "main.py", line 20, in <module>
    obj.main()
  File "c:\users\user\iscale\kidney--disease--classification\src\Kidney\pipeline\stage02_prepare_base_model.py", line 10, in main
    prepared_base_model_config=config.get_prepared_base_model_config()
AttributeError: 'ConfigurationManager' object has no attribute 'get_prepared_base_model_config'
[2026-06-05 09:59:10,598: INFO: main: >>>>> stage Data Ingestion stage started <<<<<<

x========x]
[2026-06-05 09:59:10,678: INFO: common: yaml file : config\config.yaml loaded successfully ]
[2026-06-05 09:59:10,790: INFO: common: yaml file : PARAMS.yaml loaded successfully ]
[2026-06-05 09:59:10,826: INFO: common: created  directory at : artifacts]
[2026-06-05 09:59:10,853: INFO: common: created  directory at : artifacts/data_ingestion]
[2026-06-05 09:59:10,876: ERROR: main: 'NoneType' object has no attribute 'source_URL']
Traceback (most recent call last):
  File "main.py", line 9, in <module>
    obj.main()
  File "c:\users\user\iscale\kidney--disease--classification\src\Kidney\pipeline\stage01_data_ingestion.py", line 14, in main
    data_ingestion.download_file()
  File "c:\users\user\iscale\kidney--disease--classification\src\Kidney\components\data_ingestion.py", line 27, in download_file
    raise e
  File "c:\users\user\iscale\kidney--disease--classification\src\Kidney\components\data_ingestion.py", line 18, in download_file
    dataset_url=self.config.source_URL
AttributeError: 'NoneType' object has no attribute 'source_URL'
[2026-06-05 10:03:30,502: INFO: main: >>>>> stage Data Ingestion stage started <<<<<<

x========x]
[2026-06-05 10:03:30,518: INFO: common: yaml file : config\config.yaml loaded successfully ]
[2026-06-05 10:03:30,535: INFO: common: yaml file : PARAMS.yaml loaded successfully ]
[2026-06-05 10:03:30,537: INFO: common: created  directory at : artifacts]
[2026-06-05 10:03:30,539: INFO: common: created  directory at : artifacts/data_ingestion]
[2026-06-05 10:03:30,554: ERROR: main: 'NoneType' object has no attribute 'source_URL']
Traceback (most recent call last):
  File "main.py", line 9, in <module>
    obj.main()
  File "c:\users\user\iscale\kidney--disease--classification\src\Kidney\pipeline\stage01_data_ingestion.py", line 14, in main
    data_ingestion.download_file()
  File "c:\users\user\iscale\kidney--disease--classification\src\Kidney\components\data_ingestion.py", line 27, in download_file
    raise e
  File "c:\users\user\iscale\kidney--disease--classification\src\Kidney\components\data_ingestion.py", line 18, in download_file
    dataset_url=self.config.source_URL
AttributeError: 'NoneType' object has no attribute 'source_URL'
[2026-06-05 10:46:01,090: INFO: main: >>>>> stage Data Ingestion stage started <<<<<<

x========x]
[2026-06-05 10:46:01,101: INFO: common: yaml file : config\config.yaml loaded successfully ]
[2026-06-05 10:46:01,116: INFO: common: yaml file : PARAMS.yaml loaded successfully ]
[2026-06-05 10:46:01,120: INFO: common: created  directory at : artifacts]
[2026-06-05 10:46:01,127: INFO: common: created  directory at : artifacts/data_ingestion]
[2026-06-05 10:46:01,131: ERROR: main: 'NoneType' object has no attribute 'source_URL']
Traceback (most recent call last):
  File "main.py", line 9, in <module>
    obj.main()
  File "c:\users\user\iscale\kidney--disease--classification\src\Kidney\pipeline\stage01_data_ingestion.py", line 14, in main
    data_ingestion.download_file()
  File "c:\users\user\iscale\kidney--disease--classification\src\Kidney\components\data_ingestion.py", line 27, in download_file
    raise e
  File "c:\users\user\iscale\kidney--disease--classification\src\Kidney\components\data_ingestion.py", line 18, in download_file
    dataset_url=self.config.source_URL
AttributeError: 'NoneType' object has no attribute 'source_URL'
[2026-06-05 10:53:27,646: INFO: main: >>>>> stage Data Ingestion stage started <<<<<<

x========x]
[2026-06-05 10:53:27,739: INFO: common: yaml file : config\config.yaml loaded successfully ]
[2026-06-05 10:53:27,778: INFO: common: yaml file : PARAMS.yaml loaded successfully ]
[2026-06-05 10:53:27,781: INFO: common: created  directory at : artifacts]
[2026-06-05 10:53:27,783: INFO: common: created  directory at : artifacts/data_ingestion]
[2026-06-05 10:53:27,785: INFO: data_ingestion: Download data from https://drive.google.com/file/d/1agfufEgib6t57IspkINsK3JUITOTUCzs/view?usp=drive_link into file artifacts/data_ingestion/data.zip]
[2026-06-05 10:54:49,649: INFO: data_ingestion: Download data from https://drive.google.com/file/d/1agfufEgib6t57IspkINsK3JUITOTUCzs/view?usp=drive_link into file artifacts/data_ingestion/data.zip]
[2026-06-05 10:55:40,129: INFO: main: ***************]
[2026-06-05 10:55:40,130: INFO: main: >>>> stage Prepare Base Model started <<<<]
[2026-06-05 10:55:40,139: INFO: common: yaml file : config\config.yaml loaded successfully ]
[2026-06-05 10:55:40,147: INFO: common: yaml file : PARAMS.yaml loaded successfully ]
[2026-06-05 10:55:40,150: INFO: common: created  directory at : artifacts]
[2026-06-05 10:55:40,151: ERROR: main: 'ConfigurationManager' object has no attribute 'get_prepared_base_model_config']
Traceback (most recent call last):
  File "main.py", line 20, in <module>
    obj.main()
  File "c:\users\user\iscale\kidney--disease--classification\src\Kidney\pipeline\stage02_prepare_base_model.py", line 10, in main
    prepared_base_model_config=config.get_prepared_base_model_config()
AttributeError: 'ConfigurationManager' object has no attribute 'get_prepared_base_model_config'
[2026-06-05 10:59:22,256: INFO: main: >>>>> stage Data Ingestion stage started <<<<<<

x========x]
[2026-06-05 10:59:22,259: INFO: common: yaml file : config\config.yaml loaded successfully ]
[2026-06-05 10:59:22,263: INFO: common: yaml file : PARAMS.yaml loaded successfully ]
[2026-06-05 10:59:22,264: INFO: common: created  directory at : artifacts]
[2026-06-05 10:59:22,264: INFO: common: created  directory at : artifacts/data_ingestion]
[2026-06-05 10:59:22,265: INFO: data_ingestion: Download data from https://drive.google.com/file/d/1agfufEgib6t57IspkINsK3JUITOTUCzs/view?usp=drive_link into file artifacts/data_ingestion/data.zip]
[2026-06-05 11:01:15,207: INFO: data_ingestion: Download data from https://drive.google.com/file/d/1agfufEgib6t57IspkINsK3JUITOTUCzs/view?usp=drive_link into file artifacts/data_ingestion/data.zip]
[2026-06-05 11:01:57,102: INFO: main: ***************]
[2026-06-05 11:01:57,102: INFO: main: >>>> stage Prepare Base Model started <<<<]
[2026-06-05 11:01:57,109: INFO: common: yaml file : config\config.yaml loaded successfully ]
[2026-06-05 11:01:57,113: INFO: common: yaml file : PARAMS.yaml loaded successfully ]
[2026-06-05 11:01:57,115: INFO: common: created  directory at : artifacts]
[2026-06-05 11:01:57,116: ERROR: main: 'ConfigurationManager' object has no attribute 'get_prepared_base_model_config']
Traceback (most recent call last):
  File "main.py", line 20, in <module>
    obj.main()
  File "c:\users\user\iscale\kidney--disease--classification\src\Kidney\pipeline\stage02_prepare_base_model.py", line 10, in main
    prepare_base_model_config=config.get_prepared_base_model_config()
AttributeError: 'ConfigurationManager' object has no attribute 'get_prepared_base_model_config'
[2026-06-05 11:05:20,827: INFO: main: >>>>> stage Data Ingestion stage started <<<<<<

x========x]
[2026-06-05 11:05:20,831: INFO: common: yaml file : config\config.yaml loaded successfully ]
[2026-06-05 11:05:20,837: INFO: common: yaml file : PARAMS.yaml loaded successfully ]
[2026-06-05 11:05:20,842: INFO: common: created  directory at : artifacts]
[2026-06-05 11:05:20,843: INFO: common: created  directory at : artifacts/data_ingestion]
[2026-06-05 11:05:20,844: INFO: data_ingestion: Download data from https://drive.google.com/file/d/1agfufEgib6t57IspkINsK3JUITOTUCzs/view?usp=drive_link into file artifacts/data_ingestion/data.zip]
[2026-06-05 11:07:37,669: INFO: data_ingestion: Download data from https://drive.google.com/file/d/1agfufEgib6t57IspkINsK3JUITOTUCzs/view?usp=drive_link into file artifacts/data_ingestion/data.zip]
[2026-06-05 11:08:57,630: INFO: main: ***************]
[2026-06-05 11:08:57,632: INFO: main: >>>> stage Prepare Base Model started <<<<]
[2026-06-05 11:08:57,715: INFO: common: yaml file : config\config.yaml loaded successfully ]
[2026-06-05 11:08:57,740: INFO: common: yaml file : PARAMS.yaml loaded successfully ]
[2026-06-05 11:08:57,750: INFO: common: created  directory at : artifacts]
[2026-06-05 11:08:57,757: ERROR: main: 'ConfigurationManager' object has no attribute 'get_prepared_base_model_config']
Traceback (most recent call last):
  File "main.py", line 20, in <module>
    obj.main()
  File "c:\users\user\iscale\kidney--disease--classification\src\Kidney\pipeline\stage02_prepare_base_model.py", line 10, in main
    prepare_base_model_config=config.get_prepared_base_model_config()
AttributeError: 'ConfigurationManager' object has no attribute 'get_prepared_base_model_config'
[2026-06-05 11:10:28,986: INFO: main: >>>>> stage Data Ingestion stage started <<<<<<

x========x]
[2026-06-05 11:10:28,989: INFO: common: yaml file : config\config.yaml loaded successfully ]
[2026-06-05 11:10:28,992: INFO: common: yaml file : PARAMS.yaml loaded successfully ]
[2026-06-05 11:10:28,994: INFO: common: created  directory at : artifacts]
[2026-06-05 11:10:28,996: INFO: common: created  directory at : artifacts/data_ingestion]
[2026-06-05 11:10:28,997: INFO: data_ingestion: Download data from https://drive.google.com/file/d/1agfufEgib6t57IspkINsK3JUITOTUCzs/view?usp=drive_link into file artifacts/data_ingestion/data.zip]
[2026-06-05 11:12:12,481: INFO: data_ingestion: Download data from https://drive.google.com/file/d/1agfufEgib6t57IspkINsK3JUITOTUCzs/view?usp=drive_link into file artifacts/data_ingestion/data.zip]
[2026-06-05 11:12:46,547: INFO: main: ***************]
[2026-06-05 11:12:46,547: INFO: main: >>>> stage Prepare Base Model started <<<<]
[2026-06-05 11:12:46,550: INFO: common: yaml file : config\config.yaml loaded successfully ]
[2026-06-05 11:12:46,553: INFO: common: yaml file : PARAMS.yaml loaded successfully ]
[2026-06-05 11:12:46,553: INFO: common: created  directory at : artifacts]
[2026-06-05 11:12:46,557: INFO: common: created  directory at : artifacts/prepare_base_model]
[2026-06-05 11:12:47,378: WARNING: saving_utils: Compiled the loaded model, but the compiled metrics have yet to be built. `model.compile_metrics` will be empty until you train or evaluate the model.]
[2026-06-05 11:12:47,746: INFO: main: >>>> stage Prepare Base Model completed<<<<

x======x]
[2026-06-12 10:19:31,971: INFO: common: yaml file : config\config.yaml loaded successfully ]
[2026-06-12 10:19:32,004: INFO: common: yaml file : PARAMS.yaml loaded successfully ]
[2026-06-12 10:19:32,011: INFO: common: created  directory at : artifacts]
[2026-06-12 10:23:55,366: INFO: common: yaml file : config\config.yaml loaded successfully ]
[2026-06-12 10:23:55,410: INFO: common: yaml file : PARAMS.yaml loaded successfully ]
[2026-06-12 10:23:55,416: INFO: common: created  directory at : artifacts]
[2026-06-12 10:25:59,329: INFO: common: yaml file : config\config.yaml loaded successfully ]
[2026-06-12 10:25:59,335: INFO: common: yaml file : PARAMS.yaml loaded successfully ]
[2026-06-12 10:25:59,338: INFO: common: created  directory at : artifacts]
[2026-06-12 10:27:30,938: INFO: common: yaml file : config\config.yaml loaded successfully ]
[2026-06-12 10:27:30,959: INFO: common: yaml file : PARAMS.yaml loaded successfully ]
[2026-06-12 10:27:30,963: INFO: common: created  directory at : artifacts]
[2026-06-12 10:31:16,161: INFO: common: yaml file : config\config.yaml loaded successfully ]
[2026-06-12 10:31:16,173: INFO: common: yaml file : PARAMS.yaml loaded successfully ]
[2026-06-12 10:31:16,177: INFO: common: created  directory at : artifacts]
[2026-06-12 10:31:16,196: INFO: common: created  directory at : artifacts\training]
[2026-06-12 10:33:13,327: INFO: common: yaml file : config\config.yaml loaded successfully ]
[2026-06-12 10:33:13,331: INFO: common: yaml file : PARAMS.yaml loaded successfully ]
[2026-06-12 10:33:13,336: INFO: common: created  directory at : artifacts]
[2026-06-12 10:33:13,338: INFO: common: created  directory at : artifacts\training]
[2026-06-12 10:35:53,051: INFO: common: yaml file : config\config.yaml loaded successfully ]
[2026-06-12 10:35:53,059: INFO: common: yaml file : PARAMS.yaml loaded successfully ]
[2026-06-12 10:35:53,063: INFO: common: created  directory at : artifacts]
[2026-06-12 10:35:53,068: INFO: common: created  directory at : artifacts\training]
[2026-06-12 10:37:12,609: INFO: common: yaml file : config\config.yaml loaded successfully ]
[2026-06-12 10:37:12,615: INFO: common: yaml file : PARAMS.yaml loaded successfully ]
[2026-06-12 10:37:12,617: INFO: common: created  directory at : artifacts]
[2026-06-12 10:37:12,620: INFO: common: created  directory at : artifacts\training]
[2026-06-12 10:39:03,627: INFO: common: yaml file : config\config.yaml loaded successfully ]
[2026-06-12 10:39:03,631: INFO: common: yaml file : PARAMS.yaml loaded successfully ]
[2026-06-12 10:39:03,634: INFO: common: created  directory at : artifacts]
[2026-06-12 10:39:03,637: INFO: common: created  directory at : artifacts\training]
[2026-06-12 10:40:17,754: INFO: common: yaml file : config\config.yaml loaded successfully ]
[2026-06-12 10:40:17,760: INFO: common: yaml file : PARAMS.yaml loaded successfully ]
[2026-06-12 10:40:17,763: INFO: common: created  directory at : artifacts]
[2026-06-12 10:40:17,766: INFO: common: created  directory at : artifacts\training]
[2026-06-12 11:08:50,365: INFO: main: >>>>> c Data Ingestion stage started <<<<<<

x========x]
[2026-06-12 11:08:50,368: INFO: common: yaml file : config\config.yaml loaded successfully ]
[2026-06-12 11:08:50,372: INFO: common: yaml file : PARAMS.yaml loaded successfully ]
[2026-06-12 11:08:50,374: INFO: common: created  directory at : artifacts]
[2026-06-12 11:08:50,375: INFO: common: created  directory at : artifacts/data_ingestion]
[2026-06-12 11:08:50,376: INFO: data_ingestion: Download data from https://drive.google.com/file/d/1agfufEgib6t57IspkINsK3JUITOTUCzs/view?usp=drive_link into file artifacts/data_ingestion/data.zip]
[2026-06-12 11:10:35,034: INFO: data_ingestion: Download data from https://drive.google.com/file/d/1agfufEgib6t57IspkINsK3JUITOTUCzs/view?usp=drive_link into file artifacts/data_ingestion/data.zip]
[2026-06-12 11:11:41,140: INFO: main: ***************]
[2026-06-12 11:11:41,153: INFO: main: >>>> stage Prepare Base Model started <<<<]
[2026-06-12 11:11:41,239: INFO: common: yaml file : config\config.yaml loaded successfully ]
[2026-06-12 11:11:41,269: INFO: common: yaml file : PARAMS.yaml loaded successfully ]
[2026-06-12 11:11:41,279: INFO: common: created  directory at : artifacts]
[2026-06-12 11:11:41,296: INFO: common: created  directory at : artifacts/prepare_base_model]
[2026-06-12 11:11:43,960: WARNING: saving_utils: Compiled the loaded model, but the compiled metrics have yet to be built. `model.compile_metrics` will be empty until you train or evaluate the model.]
[2026-06-12 11:11:45,343: INFO: main: >>>> stage Prepare Base Model completed<<<<

x======x]
[2026-06-12 11:11:45,344: INFO: main: _______________________________________]
[2026-06-12 11:11:45,346: INFO: main: >>>>> stage Model Training started <<<<<]
[2026-06-12 11:11:45,357: INFO: common: yaml file : config\config.yaml loaded successfully ]
[2026-06-12 11:11:45,370: INFO: common: yaml file : PARAMS.yaml loaded successfully ]
[2026-06-12 11:11:45,372: INFO: common: created  directory at : artifacts]
[2026-06-12 11:11:45,391: INFO: common: created  directory at : artifacts\training]
[2026-06-12 11:11:46,483: ERROR: main: [WinError 3] The system cannot find the path specified: 'artifacts\\data_ingestion\\Kidney-ct-scan']
Traceback (most recent call last):
  File "C:\Users\user\iscale\Kidney--Disease--Classification\main.py", line 33, in <module>
    model_trainer.main()
  File "c:\users\user\iscale\kidney--disease--classification\src\Kidney\pipeline\stage03_training_model.py", line 15, in main
    training.train_valid_generator()
  File "c:\users\user\iscale\kidney--disease--classification\src\Kidney\components\model_training.py", line 33, in train_valid_generator
    self.valid_generator=valid_datagenerator.flow_from_directory(
  File "C:\Users\user\anaconda3\New folder\envs\kidney\lib\site-packages\keras\preprocessing\image.py", line 1648, in flow_from_directory
    return DirectoryIterator(
  File "C:\Users\user\anaconda3\New folder\envs\kidney\lib\site-packages\keras\preprocessing\image.py", line 563, in __init__
    for subdir in sorted(os.listdir(directory)):
FileNotFoundError: [WinError 3] The system cannot find the path specified: 'artifacts\\data_ingestion\\Kidney-ct-scan'
[2026-06-12 11:15:11,407: INFO: main: >>>>> c Data Ingestion stage started <<<<<<

x========x]
[2026-06-12 11:15:11,414: INFO: common: yaml file : config\config.yaml loaded successfully ]
[2026-06-12 11:15:11,423: INFO: common: yaml file : PARAMS.yaml loaded successfully ]
[2026-06-12 11:15:11,426: INFO: common: created  directory at : artifacts]
[2026-06-12 11:15:11,428: INFO: common: created  directory at : artifacts/data_ingestion]
[2026-06-12 11:15:11,431: INFO: data_ingestion: Download data from https://drive.google.com/file/d/1agfufEgib6t57IspkINsK3JUITOTUCzs/view?usp=drive_link into file artifacts/data_ingestion/data.zip]
[2026-06-12 11:16:32,189: INFO: data_ingestion: Download data from https://drive.google.com/file/d/1agfufEgib6t57IspkINsK3JUITOTUCzs/view?usp=drive_link into file artifacts/data_ingestion/data.zip]
[2026-06-12 11:17:21,749: INFO: main: ***************]
[2026-06-12 11:17:21,750: INFO: main: >>>> stage Prepare Base Model started <<<<]
[2026-06-12 11:17:21,758: INFO: common: yaml file : config\config.yaml loaded successfully ]
[2026-06-12 11:17:21,764: INFO: common: yaml file : PARAMS.yaml loaded successfully ]
[2026-06-12 11:17:21,768: INFO: common: created  directory at : artifacts]
[2026-06-12 11:17:21,774: INFO: common: created  directory at : artifacts/prepare_base_model]
[2026-06-12 11:17:23,336: WARNING: saving_utils: Compiled the loaded model, but the compiled metrics have yet to be built. `model.compile_metrics` will be empty until you train or evaluate the model.]
[2026-06-12 11:17:24,061: INFO: main: >>>> stage Prepare Base Model completed<<<<

x======x]
[2026-06-12 11:17:24,063: INFO: main: _______________________________________]
[2026-06-12 11:17:24,064: INFO: main: >>>>> stage Model Training started <<<<<]
[2026-06-12 11:17:24,070: INFO: common: yaml file : config\config.yaml loaded successfully ]
[2026-06-12 11:17:24,077: INFO: common: yaml file : PARAMS.yaml loaded successfully ]
[2026-06-12 11:17:24,080: INFO: common: created  directory at : artifacts]
[2026-06-12 11:17:24,082: INFO: common: created  directory at : artifacts\training]
[2026-06-12 12:29:06,061: INFO: common: yaml file : config\config.yaml loaded successfully ]
[2026-06-12 12:29:06,127: INFO: common: yaml file : PARAMS.yaml loaded successfully ]
[2026-06-12 12:29:06,140: INFO: common: created  directory at : artifacts]
[2026-06-12 12:29:06,158: INFO: common: created  directory at : artifacts\training]
[2026-06-12 12:30:05,988: INFO: common: yaml file : config\config.yaml loaded successfully ]
[2026-06-12 12:30:06,000: INFO: common: yaml file : PARAMS.yaml loaded successfully ]
[2026-06-12 12:30:06,008: INFO: common: created  directory at : artifacts]
[2026-06-12 12:30:06,015: INFO: common: created  directory at : artifacts\training]
[2026-06-12 12:32:02,641: INFO: common: yaml file : config\config.yaml loaded successfully ]
[2026-06-12 12:32:02,695: INFO: common: yaml file : PARAMS.yaml loaded successfully ]
[2026-06-12 12:32:02,708: INFO: common: created  directory at : artifacts]
[2026-06-12 12:32:02,720: INFO: common: created  directory at : artifacts\training]
[2026-06-12 12:36:14,855: INFO: main: >>>>> c Data Ingestion stage started <<<<<<

x========x]
[2026-06-12 12:36:14,868: INFO: common: yaml file : config\config.yaml loaded successfully ]
[2026-06-12 12:36:14,938: INFO: common: yaml file : PARAMS.yaml loaded successfully ]
[2026-06-12 12:36:14,943: INFO: common: created  directory at : artifacts]
[2026-06-12 12:36:14,946: INFO: common: created  directory at : artifacts/data_ingestion]
[2026-06-12 12:36:14,948: INFO: data_ingestion: Download data from https://drive.google.com/file/d/1agfufEgib6t57IspkINsK3JUITOTUCzs/view?usp=drive_link into file artifacts/data_ingestion/data.zip]
[2026-06-12 12:37:18,543: INFO: data_ingestion: Download data from https://drive.google.com/file/d/1agfufEgib6t57IspkINsK3JUITOTUCzs/view?usp=drive_link into file artifacts/data_ingestion/data.zip]
[2026-06-12 12:37:58,555: INFO: main: ***************]
[2026-06-12 12:37:58,556: INFO: main: >>>> stage Prepare Base Model started <<<<]
[2026-06-12 12:37:58,560: INFO: common: yaml file : config\config.yaml loaded successfully ]
[2026-06-12 12:37:58,565: INFO: common: yaml file : PARAMS.yaml loaded successfully ]
[2026-06-12 12:37:58,566: INFO: common: created  directory at : artifacts]
[2026-06-12 12:37:58,569: INFO: common: created  directory at : artifacts/prepare_base_model]
[2026-06-12 12:37:59,830: WARNING: saving_utils: Compiled the loaded model, but the compiled metrics have yet to be built. `model.compile_metrics` will be empty until you train or evaluate the model.]
[2026-06-12 12:38:00,343: INFO: main: >>>> stage Prepare Base Model completed<<<<

x======x]
[2026-06-12 12:38:00,344: INFO: main: _______________________________________]
[2026-06-12 12:38:00,344: INFO: main: >>>>> stage Model Training started <<<<<]
[2026-06-12 12:38:00,350: INFO: common: yaml file : config\config.yaml loaded successfully ]
[2026-06-12 12:38:00,354: INFO: common: yaml file : PARAMS.yaml loaded successfully ]
[2026-06-12 12:38:00,355: INFO: common: created  directory at : artifacts]
[2026-06-12 12:38:00,357: INFO: common: created  directory at : artifacts\training]
[2026-06-12 13:11:39,055: INFO: main: stage Model Training completed <<<<< 

 X---------------------]
