[2026-06-02 09:48:47,340: INFO: common: yaml file : config\config.yaml loaded successfully ]
[2026-06-02 09:48:47,357: INFO: common: yaml file : PARAMS.yaml loaded successfully ]
[2026-06-02 09:48:47,371: INFO: common: created  directory at : artifacts]
[2026-06-02 09:48:47,373: INFO: common: created  directory at : artifacts/data_ingestion]
[2026-06-02 09:53:45,711: INFO: common: yaml file : config\config.yaml loaded successfully ]
[2026-06-02 09:53:45,714: INFO: common: yaml file : PARAMS.yaml loaded successfully ]
[2026-06-02 09:53:45,719: INFO: common: created  directory at : artifacts]
[2026-06-02 09:53:45,722: INFO: common: created  directory at : artifacts/data_ingestion]
[2026-06-02 09:58:28,927: INFO: common: yaml file : config\config.yaml loaded successfully ]
[2026-06-02 09:58:28,932: INFO: common: yaml file : PARAMS.yaml loaded successfully ]
[2026-06-02 09:58:28,934: INFO: common: created  directory at : artifacts]
[2026-06-02 09:58:28,935: INFO: common: created  directory at : artifacts/data_ingestion]
[2026-06-02 09:59:04,735: INFO: common: yaml file : config\config.yaml loaded successfully ]
[2026-06-02 09:59:04,738: INFO: common: yaml file : PARAMS.yaml loaded successfully ]
[2026-06-02 09:59:04,741: INFO: common: created  directory at : artifacts]
[2026-06-02 09:59:04,742: INFO: common: created  directory at : artifacts/data_ingestion]
[2026-06-02 09:59:04,744: INFO: 3892027161: Download data from https://drive.google.com/file/d/1agfufEgib6t57IspkINsK3JUITOTUCzs/view?usp=drive_link into file artifacts/data_ingestion/data.zip]
[2026-06-02 10:00:32,227: INFO: 3892027161: Download data from https://drive.google.com/file/d/1agfufEgib6t57IspkINsK3JUITOTUCzs/view?usp=drive_link into file artifacts/data_ingestion/data.zip]
[2026-06-02 10:01:51,084: INFO: common: yaml file : config\config.yaml loaded successfully ]
[2026-06-02 10:01:51,088: INFO: common: yaml file : PARAMS.yaml loaded successfully ]
[2026-06-02 10:01:51,093: INFO: common: created  directory at : artifacts]
[2026-06-02 10:01:51,095: INFO: common: created  directory at : artifacts/data_ingestion]
[2026-06-02 10:01:51,096: INFO: 1923768424: Download data from https://drive.google.com/file/d/1agfufEgib6t57IspkINsK3JUITOTUCzs/view?usp=drive_link into file artifacts/data_ingestion/data.zip]
[2026-06-02 10:02:55,635: INFO: 1923768424: Download data from https://drive.google.com/file/d/1agfufEgib6t57IspkINsK3JUITOTUCzs/view?usp=drive_link into file artifacts/data_ingestion/data.zip]
[2026-06-04 22:18:50,123: INFO: common: yaml file : config\config.yaml loaded successfully ]
[2026-06-04 22:18:50,140: INFO: common: yaml file : PARAMS.yaml loaded successfully ]
[2026-06-04 22:18:50,144: INFO: common: created  directory at : artifacts]
[2026-06-04 22:18:50,147: INFO: common: created  directory at : artifacts/prepare_base_model]
[2026-06-04 22:19:55,730: INFO: common: yaml file : config\config.yaml loaded successfully ]
[2026-06-04 22:19:55,734: INFO: common: yaml file : PARAMS.yaml loaded successfully ]
[2026-06-04 22:19:55,737: INFO: common: created  directory at : artifacts]
[2026-06-04 22:19:55,741: INFO: common: created  directory at : artifacts/prepare_base_model]
[2026-06-04 22:20:05,424: INFO: common: yaml file : config\config.yaml loaded successfully ]
[2026-06-04 22:20:05,429: INFO: common: yaml file : PARAMS.yaml loaded successfully ]
[2026-06-04 22:20:05,434: INFO: common: created  directory at : artifacts]
[2026-06-04 22:20:05,437: INFO: common: created  directory at : artifacts/prepare_base_model]
[2026-06-04 22:21:55,622: INFO: common: yaml file : config\config.yaml loaded successfully ]
[2026-06-04 22:21:55,626: INFO: common: yaml file : PARAMS.yaml loaded successfully ]
[2026-06-04 22:21:55,630: INFO: common: created  directory at : artifacts]
[2026-06-04 22:21:55,635: INFO: common: created  directory at : artifacts/prepare_base_model]
[2026-06-04 22:25:05,720: INFO: common: yaml file : config\config.yaml loaded successfully ]
[2026-06-04 22:25:05,722: INFO: common: yaml file : PARAMS.yaml loaded successfully ]
[2026-06-04 22:25:05,724: INFO: common: created  directory at : artifacts]
[2026-06-04 22:25:05,725: INFO: common: created  directory at : artifacts/prepare_base_model]
[2026-06-04 22:26:51,157: INFO: common: yaml file : config\config.yaml loaded successfully ]
[2026-06-04 22:26:51,161: INFO: common: yaml file : PARAMS.yaml loaded successfully ]
[2026-06-04 22:26:51,164: INFO: common: created  directory at : artifacts]
[2026-06-04 22:26:51,167: INFO: common: created  directory at : artifacts/prepare_base_model]
[2026-06-04 22:30:21,427: INFO: common: yaml file : config\config.yaml loaded successfully ]
[2026-06-04 22:30:21,429: INFO: common: yaml file : PARAMS.yaml loaded successfully ]
[2026-06-04 22:30:21,433: INFO: common: created  directory at : artifacts]
[2026-06-04 22:30:21,437: INFO: common: created  directory at : artifacts/prepare_base_model]
[2026-06-04 22:33:41,191: INFO: common: yaml file : config\config.yaml loaded successfully ]
[2026-06-04 22:33:41,194: INFO: common: yaml file : PARAMS.yaml loaded successfully ]
[2026-06-04 22:33:41,196: INFO: common: created  directory at : artifacts]
[2026-06-04 22:33:41,201: INFO: common: created  directory at : artifacts/prepare_base_model]
[2026-06-04 22:34:56,100: INFO: common: yaml file : config\config.yaml loaded successfully ]
[2026-06-04 22:34:56,103: INFO: common: yaml file : PARAMS.yaml loaded successfully ]
[2026-06-04 22:34:56,106: INFO: common: created  directory at : artifacts]
[2026-06-04 22:34:56,108: INFO: common: created  directory at : artifacts/prepare_base_model]
[2026-06-04 22:37:11,214: INFO: common: yaml file : config\config.yaml loaded successfully ]
[2026-06-04 22:37:11,219: INFO: common: yaml file : PARAMS.yaml loaded successfully ]
[2026-06-04 22:37:11,220: INFO: common: created  directory at : artifacts]
[2026-06-04 22:37:11,226: INFO: common: created  directory at : artifacts/prepare_base_model]
[2026-06-04 22:41:28,958: INFO: common: yaml file : PARAMS.yaml loaded successfully ]
[2026-06-04 22:42:34,562: INFO: common: yaml file : PARAMS.yaml loaded successfully ]
[2026-06-04 22:42:46,117: INFO: common: yaml file : config\config.yaml loaded successfully ]
[2026-06-04 22:42:46,124: INFO: common: yaml file : PARAMS.yaml loaded successfully ]
[2026-06-04 22:42:46,128: INFO: common: created  directory at : artifacts]
[2026-06-04 22:42:46,130: INFO: common: created  directory at : artifacts/prepare_base_model]
[2026-06-04 22:44:09,924: INFO: common: yaml file : config\config.yaml loaded successfully ]
[2026-06-04 22:44:09,936: INFO: common: yaml file : PARAMS.yaml loaded successfully ]
[2026-06-04 22:44:09,943: INFO: common: created  directory at : artifacts]
[2026-06-04 22:44:09,955: INFO: common: created  directory at : artifacts/prepare_base_model]
[2026-06-04 22:44:25,191: WARNING: saving_utils: Compiled the loaded model, but the compiled metrics have yet to be built. `model.compile_metrics` will be empty until you train or evaluate the model.]
[2026-06-04 22:50:23,027: INFO: common: yaml file : config\config.yaml loaded successfully ]
[2026-06-04 22:50:23,040: INFO: common: yaml file : PARAMS.yaml loaded successfully ]
[2026-06-04 22:50:23,047: INFO: common: created  directory at : artifacts]
[2026-06-04 22:50:23,053: INFO: common: created  directory at : artifacts/prepare_base_model]
[2026-06-04 22:50:23,674: WARNING: saving_utils: Compiled the loaded model, but the compiled metrics have yet to be built. `model.compile_metrics` will be empty until you train or evaluate the model.]
[2026-06-04 22:52:10,908: INFO: common: yaml file : config\config.yaml loaded successfully ]
[2026-06-04 22:52:10,913: INFO: common: yaml file : PARAMS.yaml loaded successfully ]
[2026-06-04 22:52:10,917: INFO: common: created  directory at : artifacts]
[2026-06-04 22:52:10,921: INFO: common: created  directory at : artifacts/prepare_base_model]
[2026-06-04 22:52:11,412: WARNING: saving_utils: Compiled the loaded model, but the compiled metrics have yet to be built. `model.compile_metrics` will be empty until you train or evaluate the model.]
[2026-06-04 22:53:02,749: INFO: common: yaml file : config\config.yaml loaded successfully ]
[2026-06-04 22:53:02,752: INFO: common: yaml file : PARAMS.yaml loaded successfully ]
[2026-06-04 22:53:02,757: INFO: common: created  directory at : artifacts]
[2026-06-04 22:53:02,763: INFO: common: created  directory at : artifacts/prepare_base_model]
[2026-06-04 22:53:03,176: WARNING: saving_utils: Compiled the loaded model, but the compiled metrics have yet to be built. `model.compile_metrics` will be empty until you train or evaluate the model.]
